---
source: crates/ods-cli/src/version.rs
expression: "render(Mode::Json)"
---
{
  "schema_version": {
    "major": 0,
    "minor": 1
  },
  "command": "version",
  "ods_version": "[ods-version]",
  "result": {
    "ods_version": "1.2.3",
    "sdk_version": {
      "major": 0,
      "minor": 1
    },
    "output_schema_version": {
      "major": 0,
      "minor": 1
    }
  },
  "diagnostics": []
}
