---
source: crates/ods-cli/src/app.rs
expression: "o.out.replace(&version, \"\\\"ods_version\\\": \\\"[ods-version]\\\"\")"
---
{
  "schema_version": {
    "major": 1,
    "minor": 0
  },
  "command": "state",
  "ods_version": "[ods-version]",
  "result": null,
  "diagnostics": [
    {
      "level": "error",
      "code": "ODS-E0003",
      "message": "`ods state` is not implemented yet",
      "hint": "planned for M1 State MVP (v0.0.1); see docs/ROADMAP.md"
    }
  ]
}
