---
source: crates/ods-cli/src/sample.rs
expression: "render(Mode::Human, ColorChoice::Always)"
---
[1;4mExecution plan for jaffle_shop[0m

┏━━━━━━━━━━━━━━━━━━━━━━━━━━━━━━┳━━━━━━━━┳━━━━━━━━━━━━━━━━━━━━━━━━━━━━━━━━━━━━━━━━━━━━━━━━━━━━━━━┓
┃[1m [0m[1mnode                        [0m[1m [0m┃[1m [0m[1maction[0m[1m [0m┃[1m [0m[1mreason                                               [0m[1m [0m┃
┡━━━━━━━━━━━━━━━━━━━━━━━━━━━━━━╇━━━━━━━━╇━━━━━━━━━━━━━━━━━━━━━━━━━━━━━━━━━━━━━━━━━━━━━━━━━━━━━━━┩
│ model.jaffle_shop.stg_orders │ BUILD  │ code fingerprint changed: rendered SQL differs        │
│ model.jaffle_shop.orders     │ BUILD  │ upstream model.jaffle_shop.stg_orders will be rebuilt │
│ model.jaffle_shop.customers  │ REUSE  │ code and inputs unchanged since last successful run   │
└──────────────────────────────┴────────┴───────────────────────────────────────────────────────┘

why model.jaffle_shop.orders builds
└── upstream model.jaffle_shop.stg_orders will be rebuilt
    └── code fingerprint changed: rendered SQL differs

[2minfo:[0m 2 of 3 nodes will run; state is committed only if dbt succeeds
