---
source: crates/ods-cli/src/version.rs
expression: "render(Mode::Json)"
---
{
  "schema_version": {
    "major": 1,
    "minor": 0
  },
  "command": "version",
  "ods_version": "[ods-version]",
  "result": {
    "ods_version": "1.2.3",
    "sdk_version": {
      "major": 0,
      "minor": 1
    },
    "output_schema_version": {
      "major": 0,
      "minor": 1
    },
    "plugins": [
      {
        "contract": "change_provider",
        "contract_version": "0.1",
        "name": "databricks",
        "from": "ods-provider-databricks [ods-version]",
        "builtin": true
      },
      {
        "contract": "relation_privileges",
        "contract_version": "0.1",
        "name": "databricks",
        "from": "ods-provider-databricks [ods-version]",
        "builtin": true
      },
      {
        "contract": "relation_linker",
        "contract_version": "0.1",
        "name": "databricks",
        "from": "ods-provider-databricks [ods-version]",
        "builtin": true
      },
      {
        "contract": "observed_lineage_source",
        "contract_version": "0.1",
        "name": "databricks",
        "from": "ods-provider-databricks [ods-version]",
        "builtin": true
      },
      {
        "contract": "error_catalogue",
        "contract_version": "0.4",
        "name": "databricks",
        "from": "ods-provider-databricks [ods-version]",
        "builtin": true
      }
    ]
  },
  "diagnostics": []
}
