---
source: crates/ods-cli/tests/state_run.rs
expression: redact(&plain)
---
Run

run: <run>
scope: jaffle_ods/default
started: <time>
outcome: failed
totals: <took> · 9 built · 1 failed · 3 skipped
rows: at least 6 (9 nodes didn't report rows)
stats: reported as it ran
journal: <project>/.ods/state.db.runs/<run>.jsonl

node	result	took	rows	thread	detail
raw_customers	built	250ms	—	Thread-1 (worker)	
raw_orders	built	250ms	6	Thread-1 (worker)	
raw_payments	built	250ms	—	Thread-1 (worker)	
stg_customers	built	250ms	—	Thread-1 (worker)	
stg_orders	built	250ms	—	Thread-1 (worker)	
stg_payments	built	250ms	—	Thread-1 (worker)	
order_events	built	250ms	—	Thread-1 (worker)	
orders	built	250ms	—	Thread-1 (worker)	
customer_order_rank	built	250ms	—	Thread-1 (worker)	
customers	failed	250ms	—	Thread-1 (worker)	Conversion Error: Could not convert string [value removed] to INT32
customer_segments	skipped	—	—	Thread-1 (worker)	
customers_snapshot_view	skipped	—	—	Thread-1 (worker)	
segment_summary	skipped	—	—	Thread-1 (worker)
