---
source: crates/ods-cli/tests/state_run.rs
expression: redacted.trim_end()
---
What reuse saved in jaffle_ods/default

saved: ~5.5s of build time (estimate, serial: 22 of 39 nodes reused across 3 runs)
timings from: 1 run

Runs
run	finished	outcome	reused	built	saved
<run-3>	<time>	succeeded	9	4	~2.3s
<run-2>	<time>	nothing to build	13	0	~3.3s
<run-1>	<time>	succeeded	0	13	—
