---
source: crates/ods-web/tests/catalog.rs
expression: pretty(view)
---
{
  "decisions": {
    "based_on": 2,
    "caveats": [
      "Reuse is decided offline: a reused node's relation isn't checked by this plan (it is when a run starts)."
    ],
    "error": null,
    "relations_checked": false,
    "state": "recorded",
    "warnings": []
  },
  "facets": [
    {
      "key": "type",
      "label": "Resource type",
      "note": null,
      "values": [
        {
          "count": 2,
          "label": "model",
          "selected": false,
          "value": "model"
        },
        {
          "count": 1,
          "label": "seed",
          "selected": false,
          "value": "seed"
        }
      ]
    },
    {
      "key": "layer",
      "label": "Layer",
      "note": "the folder under the model paths",
      "values": [
        {
          "count": 1,
          "label": "staging",
          "selected": false,
          "value": "staging"
        },
        {
          "count": 1,
          "label": "marts",
          "selected": false,
          "value": "marts"
        }
      ]
    },
    {
      "key": "materialized",
      "label": "Materialization",
      "note": null,
      "values": [
        {
          "count": 1,
          "label": "table",
          "selected": false,
          "value": "table"
        },
        {
          "count": 1,
          "label": "view",
          "selected": false,
          "value": "view"
        },
        {
          "count": 1,
          "label": "seed",
          "selected": false,
          "value": "seed"
        }
      ]
    },
    {
      "key": "tag",
      "label": "Tags",
      "note": null,
      "values": [
        {
          "count": 1,
          "label": "core",
          "selected": false,
          "value": "core"
        }
      ]
    },
    {
      "key": "decision",
      "label": "Next-run decision",
      "note": "From the plan against the latest snapshot, made offline. Reuse is decided offline: a reused node's relation isn't checked by this plan (it is when a run starts).",
      "values": [
        {
          "count": 1,
          "label": "Build",
          "selected": false,
          "value": "build"
        },
        {
          "count": 1,
          "label": "Reuse",
          "selected": false,
          "value": "reuse"
        },
        {
          "count": 1,
          "label": "Never built",
          "selected": false,
          "value": "never_built"
        },
        {
          "count": 0,
          "label": "Unknown",
          "selected": false,
          "value": "unknown"
        }
      ]
    },
    {
      "key": "health",
      "label": "Health",
      "note": "A node is failing when a check at severity error fails, then unknown when a check couldn't decide, a warning when a check at severity warn fails, and healthy when every check that applies passed. Checks (configure them under [health] in ods.toml): built (on): ODS built it: a node never built is unknown (it can't fail). Turned off, nodes are judged on the other checks alone. last_run_failed (error): It didn't fail in the last run, or was built since. last_run_skipped (warn): It wasn't skipped in the last run because of a failure upstream. tests_required (warn): It has at least one test (by default, models and snapshots). tests_passed (warn): Its tests passed on its current build, as they are now.",
      "values": [
        {
          "count": 2,
          "label": "Healthy",
          "selected": false,
          "value": "healthy"
        },
        {
          "count": 0,
          "label": "Warning",
          "selected": false,
          "value": "warning"
        },
        {
          "count": 0,
          "label": "Failing",
          "selected": false,
          "value": "failing"
        },
        {
          "count": 1,
          "label": "Unknown",
          "selected": false,
          "value": "unknown"
        }
      ]
    },
    {
      "key": "lineage",
      "label": "Lineage confidence",
      "note": "Column lineage from the SQL; seeds have none (n/a).",
      "values": [
        {
          "count": 1,
          "label": "parsed",
          "selected": false,
          "value": "parsed"
        },
        {
          "count": 1,
          "label": "inferred",
          "selected": false,
          "value": "inferred"
        },
        {
          "count": 0,
          "label": "observed",
          "selected": false,
          "value": "observed"
        },
        {
          "count": 0,
          "label": "unknown",
          "selected": false,
          "value": "unknown"
        },
        {
          "count": 0,
          "label": "opaque",
          "selected": false,
          "value": "opaque"
        },
        {
          "count": 1,
          "label": "n/a",
          "selected": false,
          "value": "n/a"
        }
      ]
    }
  ],
  "health_how": "A node is failing when a check at severity error fails, then unknown when a check couldn't decide, a warning when a check at severity warn fails, and healthy when every check that applies passed. Checks (configure them under [health] in ods.toml): built (on): ODS built it: a node never built is unknown (it can't fail). Turned off, nodes are judged on the other checks alone. last_run_failed (error): It didn't fail in the last run, or was built since. last_run_skipped (warn): It wasn't skipped in the last run because of a failure upstream. tests_required (warn): It has at least one test (by default, models and snapshots). tests_passed (warn): Its tests passed on its current build, as they are now.",
  "layer_source": "the folder under the model paths",
  "query": {
    "descending": false,
    "filters": {},
    "search": null,
    "sort": "name"
  },
  "rows": [
    {
      "decision": {
        "decision": "never_built",
        "reasons": [
          {
            "code": "never_built",
            "label": "never built",
            "message": "no successful build recorded"
          }
        ],
        "summary": "no successful build recorded"
      },
      "health": {
        "findings": [
          {
            "check": "built",
            "reason": "never built by ODS: nothing to judge it on",
            "severity": "warn",
            "source": "builtin",
            "status": "unknown"
          },
          {
            "check": "last_run_failed",
            "evidence": {
              "last_run_command": "ods state build",
              "last_run_started_at": "2026-09-28T08:59:00Z"
            },
            "reason": "didn't fail in the last run",
            "severity": "error",
            "source": "builtin",
            "status": "pass"
          },
          {
            "check": "last_run_skipped",
            "evidence": {
              "last_run_command": "ods state build",
              "last_run_started_at": "2026-09-28T08:59:00Z"
            },
            "reason": "wasn't skipped in the last run",
            "severity": "warn",
            "source": "builtin",
            "status": "pass"
          },
          {
            "check": "tests_required",
            "evidence": {
              "tests": "0"
            },
            "reason": "no tests: nothing checks its data",
            "severity": "warn",
            "source": "builtin",
            "status": "fail"
          },
          {
            "check": "tests_passed",
            "evidence": {
              "tests": "0"
            },
            "reason": "a model has no tests to run",
            "severity": "warn",
            "source": "builtin",
            "status": "skipped"
          }
        ],
        "health": "unknown",
        "reasons": [
          "never built by ODS: nothing to judge it on"
        ]
      },
      "href": "catalog/model.shop.customers",
      "id": "model.shop.customers",
      "last_build": null,
      "layer": "marts",
      "lineage": "inferred",
      "materialization": "table",
      "name": "</script><img src=x onerror=alert(1)>",
      "resource_type": "model",
      "tags": [],
      "type_label": "python model"
    },
    {
      "decision": {
        "decision": "build",
        "reasons": [
          {
            "code": "code_changed",
            "label": "code changed",
            "message": "code changed since run 9ea38bd5: sql"
          }
        ],
        "summary": "sql changed since run 9ea38bd5"
      },
      "health": {
        "findings": [
          {
            "check": "built",
            "evidence": {
              "built_at": "2026-09-28T09:00:00Z",
              "run_id": "9ea38bd5-0000-4000-8000-000000000002"
            },
            "reason": "built in run 9ea38bd5 at 2026-09-28T09:00:00Z",
            "severity": "warn",
            "source": "builtin",
            "status": "pass"
          },
          {
            "check": "last_run_failed",
            "evidence": {
              "built_at": "2026-09-28T09:00:00Z",
              "last_run_command": "ods state build",
              "last_run_started_at": "2026-09-28T08:59:00Z"
            },
            "reason": "didn't fail in the last run",
            "severity": "error",
            "source": "builtin",
            "status": "pass"
          },
          {
            "check": "last_run_skipped",
            "evidence": {
              "built_at": "2026-09-28T09:00:00Z",
              "last_run_command": "ods state build",
              "last_run_started_at": "2026-09-28T08:59:00Z"
            },
            "reason": "wasn't skipped in the last run",
            "severity": "warn",
            "source": "builtin",
            "status": "pass"
          },
          {
            "check": "tests_required",
            "evidence": {
              "tests": "3"
            },
            "reason": "3 test(s) read it",
            "severity": "warn",
            "source": "builtin",
            "status": "pass"
          },
          {
            "check": "tests_passed",
            "evidence": {
              "run_id": "9ea38bd5-0000-4000-8000-000000000002",
              "tested_at": "2026-09-28T09:05:00Z",
              "tested_run_id": "9ea38bd5-0000-4000-8000-000000000002",
              "tests": "3",
              "tests_current": "true"
            },
            "reason": "its tests passed in run 9ea38bd5 at 2026-09-28T09:05:00Z",
            "severity": "warn",
            "source": "builtin",
            "status": "pass"
          }
        ],
        "health": "healthy",
        "reasons": [
          "built in run 9ea38bd5 at 2026-09-28T09:00:00Z",
          "its tests passed in run 9ea38bd5 at 2026-09-28T09:05:00Z"
        ]
      },
      "href": "catalog/model.shop.orders",
      "id": "model.shop.orders",
      "last_build": {
        "built_at": "2026-09-28T09:00:00Z",
        "run_id": "9ea38bd5-0000-4000-8000-000000000002",
        "short_run_id": "9ea38bd5",
        "snapshot": 2
      },
      "layer": "staging",
      "lineage": "parsed",
      "materialization": "view",
      "name": "orders",
      "resource_type": "model",
      "tags": [
        "core"
      ],
      "type_label": "model"
    },
    {
      "decision": {
        "decision": "reuse",
        "reasons": [
          {
            "code": "unchanged",
            "label": "unchanged",
            "message": "code and inputs unchanged since run e6f54fe3"
          }
        ],
        "summary": "code and inputs unchanged since run e6f54fe3"
      },
      "health": {
        "findings": [
          {
            "check": "built",
            "evidence": {
              "built_at": "2026-09-27T09:00:00Z",
              "run_id": "e6f54fe3-0000-4000-8000-000000000001"
            },
            "reason": "built in run e6f54fe3 at 2026-09-27T09:00:00Z",
            "severity": "warn",
            "source": "builtin",
            "status": "pass"
          },
          {
            "check": "last_run_failed",
            "evidence": {
              "built_at": "2026-09-27T09:00:00Z",
              "last_run_command": "ods state build",
              "last_run_started_at": "2026-09-28T08:59:00Z"
            },
            "reason": "didn't fail in the last run",
            "severity": "error",
            "source": "builtin",
            "status": "pass"
          },
          {
            "check": "last_run_skipped",
            "evidence": {
              "built_at": "2026-09-27T09:00:00Z",
              "last_run_command": "ods state build",
              "last_run_started_at": "2026-09-28T08:59:00Z"
            },
            "reason": "wasn't skipped in the last run",
            "severity": "warn",
            "source": "builtin",
            "status": "pass"
          },
          {
            "check": "tests_required",
            "reason": "not selected for this check",
            "severity": "warn",
            "source": "builtin",
            "status": "skipped"
          },
          {
            "check": "tests_passed",
            "evidence": {
              "run_id": "e6f54fe3-0000-4000-8000-000000000001",
              "tests": "0"
            },
            "reason": "a seed has no tests to run",
            "severity": "warn",
            "source": "builtin",
            "status": "skipped"
          }
        ],
        "health": "healthy",
        "reasons": [
          "built in run e6f54fe3 at 2026-09-27T09:00:00Z",
          "a seed has no tests to run"
        ]
      },
      "href": "catalog/seed.shop.raw_orders",
      "id": "seed.shop.raw_orders",
      "last_build": {
        "built_at": "2026-09-27T09:00:00Z",
        "run_id": "e6f54fe3-0000-4000-8000-000000000001",
        "short_run_id": "e6f54fe3",
        "snapshot": 1
      },
      "layer": null,
      "lineage": "not_applicable",
      "materialization": "seed",
      "name": "raw_orders",
      "resource_type": "seed",
      "tags": [],
      "type_label": "seed"
    }
  ],
  "schema_version": 3,
  "total": 3
}
