---
source: crates/ods-web/tests/catalog.rs
expression: pretty(view.clone())
---
{
  "decisions": {
    "based_on": null,
    "caveats": [],
    "error": null,
    "relations_checked": false,
    "state": "no_store",
    "warnings": []
  },
  "facets": [
    {
      "key": "type",
      "label": "Resource type",
      "note": null,
      "values": [
        {
          "count": 2,
          "label": "model",
          "selected": false,
          "value": "model"
        },
        {
          "count": 1,
          "label": "seed",
          "selected": false,
          "value": "seed"
        }
      ]
    },
    {
      "key": "layer",
      "label": "Layer",
      "note": "the folder under the model paths",
      "values": [
        {
          "count": 1,
          "label": "staging",
          "selected": false,
          "value": "staging"
        },
        {
          "count": 1,
          "label": "marts",
          "selected": false,
          "value": "marts"
        }
      ]
    },
    {
      "key": "materialized",
      "label": "Materialization",
      "note": null,
      "values": [
        {
          "count": 1,
          "label": "table",
          "selected": false,
          "value": "table"
        },
        {
          "count": 1,
          "label": "view",
          "selected": false,
          "value": "view"
        },
        {
          "count": 1,
          "label": "seed",
          "selected": false,
          "value": "seed"
        }
      ]
    },
    {
      "key": "tag",
      "label": "Tags",
      "note": null,
      "values": [
        {
          "count": 1,
          "label": "core",
          "selected": false,
          "value": "core"
        }
      ]
    },
    {
      "key": "decision",
      "label": "Next-run decision",
      "note": "From the plan against the latest snapshot, made offline. Reuse is decided offline: a reused node's relation isn't checked by this plan (it is when a run starts).",
      "values": [
        {
          "count": 0,
          "label": "Build",
          "selected": false,
          "value": "build"
        },
        {
          "count": 0,
          "label": "Reuse",
          "selected": false,
          "value": "reuse"
        },
        {
          "count": 3,
          "label": "Never built",
          "selected": false,
          "value": "never_built"
        },
        {
          "count": 0,
          "label": "Unknown",
          "selected": false,
          "value": "unknown"
        }
      ]
    },
    {
      "key": "health",
      "label": "Health",
      "note": "A node is failing when a check at severity error fails, then unknown when a check couldn't decide, a warning when a check at severity warn fails, and healthy when every check that applies passed. Checks (configure them under [health] in ods.toml): built (on): ODS built it: a node never built is unknown (it can't fail). Turned off, nodes are judged on the other checks alone. last_run_failed (error): It didn't fail in the last run, or was built since. last_run_skipped (warn): It wasn't skipped in the last run because of a failure upstream. tests_required (warn): It has at least one test (by default, models and snapshots). tests_passed (warn): Its tests passed on its current build, as they are now. The last run's record doesn't say what failed, so the last-run checks can't decide, and nodes they apply to read unknown (or a warning, as configured).",
      "values": [
        {
          "count": 0,
          "label": "Healthy",
          "selected": false,
          "value": "healthy"
        },
        {
          "count": 0,
          "label": "Warning",
          "selected": false,
          "value": "warning"
        },
        {
          "count": 0,
          "label": "Failing",
          "selected": false,
          "value": "failing"
        },
        {
          "count": 3,
          "label": "Unknown",
          "selected": false,
          "value": "unknown"
        }
      ]
    },
    {
      "key": "lineage",
      "label": "Lineage confidence",
      "note": "Column lineage from the SQL; seeds have none (n/a).",
      "values": [
        {
          "count": 1,
          "label": "parsed",
          "selected": false,
          "value": "parsed"
        },
        {
          "count": 1,
          "label": "inferred",
          "selected": false,
          "value": "inferred"
        },
        {
          "count": 0,
          "label": "observed",
          "selected": false,
          "value": "observed"
        },
        {
          "count": 0,
          "label": "unknown",
          "selected": false,
          "value": "unknown"
        },
        {
          "count": 0,
          "label": "opaque",
          "selected": false,
          "value": "opaque"
        },
        {
          "count": 1,
          "label": "n/a",
          "selected": false,
          "value": "n/a"
        }
      ]
    }
  ],
  "health_how": "A node is failing when a check at severity error fails, then unknown when a check couldn't decide, a warning when a check at severity warn fails, and healthy when every check that applies passed. Checks (configure them under [health] in ods.toml): built (on): ODS built it: a node never built is unknown (it can't fail). Turned off, nodes are judged on the other checks alone. last_run_failed (error): It didn't fail in the last run, or was built since. last_run_skipped (warn): It wasn't skipped in the last run because of a failure upstream. tests_required (warn): It has at least one test (by default, models and snapshots). tests_passed (warn): Its tests passed on its current build, as they are now. The last run's record doesn't say what failed, so the last-run checks can't decide, and nodes they apply to read unknown (or a warning, as configured).",
  "layer_source": "the folder under the model paths",
  "query": {
    "descending": false,
    "filters": {},
    "search": null,
    "sort": "name"
  },
  "rows": [
    {
      "decision": {
        "decision": "never_built",
        "reasons": [],
        "summary": "no state store yet: nothing was ever recorded, so it builds next run"
      },
      "health": {
        "findings": [
          {
            "check": "built",
            "reason": "never built by ODS: nothing to judge it on",
            "severity": "warn",
            "source": "builtin",
            "status": "unknown"
          },
          {
            "check": "last_run_failed",
            "reason": "the last run's record doesn't say what failed: failures aren't measured",
            "severity": "error",
            "source": "builtin",
            "status": "unknown"
          },
          {
            "check": "last_run_skipped",
            "reason": "the last run's record doesn't say what was skipped",
            "severity": "warn",
            "source": "builtin",
            "status": "unknown"
          },
          {
            "check": "tests_required",
            "reason": "no tests: nothing checks its data",
            "severity": "warn",
            "source": "builtin",
            "status": "fail"
          },
          {
            "check": "tests_passed",
            "reason": "a model has no tests to run",
            "severity": "warn",
            "source": "builtin",
            "status": "skipped"
          }
        ],
        "health": "unknown",
        "reasons": [
          "never built by ODS: nothing to judge it on",
          "the last run's record doesn't say what failed: failures aren't measured",
          "the last run's record doesn't say what was skipped"
        ]
      },
      "href": "catalog/model.shop.customers",
      "id": "model.shop.customers",
      "last_build": null,
      "layer": "marts",
      "lineage": "inferred",
      "materialization": "table",
      "name": "</script><img src=x onerror=alert(1)>",
      "resource_type": "model",
      "tags": [],
      "type_label": "python model"
    },
    {
      "decision": {
        "decision": "never_built",
        "reasons": [],
        "summary": "no state store yet: nothing was ever recorded, so it builds next run"
      },
      "health": {
        "findings": [
          {
            "check": "built",
            "reason": "never built by ODS: nothing to judge it on",
            "severity": "warn",
            "source": "builtin",
            "status": "unknown"
          },
          {
            "check": "last_run_failed",
            "reason": "the last run's record doesn't say what failed: failures aren't measured",
            "severity": "error",
            "source": "builtin",
            "status": "unknown"
          },
          {
            "check": "last_run_skipped",
            "reason": "the last run's record doesn't say what was skipped",
            "severity": "warn",
            "source": "builtin",
            "status": "unknown"
          },
          {
            "check": "tests_required",
            "reason": "3 test(s) read it",
            "severity": "warn",
            "source": "builtin",
            "status": "pass"
          },
          {
            "check": "tests_passed",
            "reason": "never built: its tests can't have passed on a build",
            "severity": "warn",
            "source": "builtin",
            "status": "skipped"
          }
        ],
        "health": "unknown",
        "reasons": [
          "never built by ODS: nothing to judge it on",
          "the last run's record doesn't say what failed: failures aren't measured",
          "the last run's record doesn't say what was skipped"
        ]
      },
      "href": "catalog/model.shop.orders",
      "id": "model.shop.orders",
      "last_build": null,
      "layer": "staging",
      "lineage": "parsed",
      "materialization": "view",
      "name": "orders",
      "resource_type": "model",
      "tags": [
        "core"
      ],
      "type_label": "model"
    },
    {
      "decision": {
        "decision": "never_built",
        "reasons": [],
        "summary": "no state store yet: nothing was ever recorded, so it builds next run"
      },
      "health": {
        "findings": [
          {
            "check": "built",
            "reason": "never built by ODS: nothing to judge it on",
            "severity": "warn",
            "source": "builtin",
            "status": "unknown"
          },
          {
            "check": "last_run_failed",
            "reason": "the last run's record doesn't say what failed: failures aren't measured",
            "severity": "error",
            "source": "builtin",
            "status": "unknown"
          },
          {
            "check": "last_run_skipped",
            "reason": "the last run's record doesn't say what was skipped",
            "severity": "warn",
            "source": "builtin",
            "status": "unknown"
          },
          {
            "check": "tests_required",
            "reason": "not selected for this check",
            "severity": "warn",
            "source": "builtin",
            "status": "skipped"
          },
          {
            "check": "tests_passed",
            "reason": "a seed has no tests to run",
            "severity": "warn",
            "source": "builtin",
            "status": "skipped"
          }
        ],
        "health": "unknown",
        "reasons": [
          "never built by ODS: nothing to judge it on",
          "the last run's record doesn't say what failed: failures aren't measured",
          "the last run's record doesn't say what was skipped"
        ]
      },
      "href": "catalog/seed.shop.raw_orders",
      "id": "seed.shop.raw_orders",
      "last_build": null,
      "layer": null,
      "lineage": "not_applicable",
      "materialization": "seed",
      "name": "raw_orders",
      "resource_type": "seed",
      "tags": [],
      "type_label": "seed"
    }
  ],
  "schema_version": 3,
  "total": 3
}
