---
source: crates/ods-web/tests/dashboard.rs
expression: pretty(&body)
---
{
  "attention": [
    {
      "kind": "changed",
      "node": "customers",
      "node_id": "model.customers",
      "why": "Code changed since run 9ea38bd5: sql"
    },
    {
      "kind": "unknown",
      "node": "raw_orders",
      "node_id": "seed.raw_orders",
      "why": "No freshness evidence: will build next run"
    },
    {
      "kind": "opaque",
      "node": "customer_segments",
      "node_id": "model.customer_segments",
      "why": "Python model: column lineage unknown"
    }
  ],
  "attention_more": 0,
  "coverage": [
    {
      "count": null,
      "how": "No models to measure.",
      "key": "tests",
      "label": "Models with tests",
      "total": 0,
      "uncovered": []
    },
    {
      "count": null,
      "how": "No models to measure.",
      "key": "descriptions",
      "label": "Models with descriptions",
      "total": 0,
      "uncovered": []
    },
    {
      "count": null,
      "how": "No models to measure.",
      "key": "constraints",
      "label": "Models with constraints",
      "total": 0,
      "uncovered": []
    },
    {
      "count": null,
      "how": "No sources declared: nothing to measure.",
      "key": "source_freshness",
      "label": "Sources with freshness",
      "total": 0,
      "uncovered": []
    }
  ],
  "empty": null,
  "health": [
    {
      "count": null,
      "how": "Built, and its tests passed on that build as they are now (a seed needs none).",
      "href": null,
      "key": "healthy",
      "label": "Healthy",
      "note": null,
      "of": null
    },
    {
      "count": null,
      "how": "Built, but without tests (models and snapshots), with tests not recorded passing on this build or changed since, or skipped in the last run.",
      "href": null,
      "key": "warning",
      "label": "Warning",
      "note": null,
      "of": null
    },
    {
      "count": null,
      "how": "Not measured: the last run's record doesn't say what failed.",
      "href": null,
      "key": "failing",
      "label": "Failing",
      "note": null,
      "of": null
    },
    {
      "count": null,
      "how": "Never built by ODS: nothing to judge it on.",
      "href": null,
      "key": "unknown",
      "label": "Unknown",
      "note": null,
      "of": null
    }
  ],
  "health_how": "Failing: failed in the last run and not built since. Warning: built, but without tests (models and snapshots), with tests not recorded passing on this build or changed since, or skipped in the last run. Healthy: built, and its tests passed on this build as they are now. Unknown: never built by ODS. The last run's record doesn't say what failed, so failures aren't measured.",
  "last_run": {
    "built": 2,
    "built_names": [
      "customers",
      "customer_segments"
    ],
    "command": null,
    "kept": 9,
    "outcome": "recorded",
    "recorded_at": "2026-09-29T11:56:00Z",
    "run_id": "4c0b5c8f-0000-4000-8000-000000000003",
    "short_run_id": "4c0b5c8f",
    "snapshot": 3
  },
  "modules": [
    {
      "name": "Lineage (column-level)",
      "note": null,
      "state": "ready"
    },
    {
      "name": "State",
      "note": null,
      "state": "ready"
    },
    {
      "name": "Usage",
      "note": null,
      "state": "planned"
    }
  ],
  "plan": {
    "based_on": 3,
    "build": 3,
    "builds_for": [
      {
        "code": "code_changed",
        "count": 1,
        "label": "code changed"
      },
      {
        "code": "upstream_code_changed",
        "count": 1,
        "label": "upstream code changed"
      },
      {
        "code": "missing_data_evidence",
        "count": 1,
        "label": "missing data evidence"
      }
    ],
    "error": null,
    "reuse": 2,
    "warnings": [
      "no source freshness results"
    ]
  },
  "runs": [
    {
      "built": 2,
      "built_names": [
        "customers",
        "customer_segments"
      ],
      "command": null,
      "kept": 9,
      "outcome": "recorded",
      "recorded_at": "2026-09-29T11:56:00Z",
      "run_id": "4c0b5c8f-0000-4000-8000-000000000003",
      "short_run_id": "4c0b5c8f",
      "snapshot": 3
    },
    {
      "built": 8,
      "built_names": [
        "model.m0",
        "model.m1",
        "model.m2",
        "model.m3",
        "model.m4",
        "model.m5",
        "model.m6",
        "model.m7"
      ],
      "command": null,
      "kept": 3,
      "outcome": "recorded",
      "recorded_at": "2026-09-28T09:00:00Z",
      "run_id": "9ea38bd5-0000-4000-8000-000000000002",
      "short_run_id": "9ea38bd5",
      "snapshot": 2
    },
    {
      "built": 3,
      "built_names": [
        "raw_customers",
        "raw_orders",
        "seed.raw_payments"
      ],
      "command": null,
      "kept": 0,
      "outcome": "recorded",
      "recorded_at": "2026-09-27T09:00:00Z",
      "run_id": "e6f54fe3-0000-4000-8000-000000000001",
      "short_run_id": "e6f54fe3",
      "snapshot": 1
    }
  ],
  "schema_version": 3,
  "scope": "jaffle_ods/dev",
  "signals": [
    {
      "count": 3,
      "how": "Nodes the plan rebuilds because something changed since their last build (code, data, checks or target); never-built nodes aren't counted.",
      "href": "catalog?decision=build",
      "key": "stale",
      "label": "Stale",
      "note": null,
      "of": null
    },
    {
      "count": null,
      "how": "Not measured: no listed run's outcome is known (from its journal or the last run's record).",
      "href": null,
      "key": "failed_runs",
      "label": "Runs with failures",
      "note": null,
      "of": null
    }
  ],
  "state": "recorded",
  "store": {
    "full": ".ods/state.db",
    "shown": ".ods/state.db"
  },
  "tiles": [
    {
      "key": "nodes",
      "label": "Nodes",
      "note": "8 models · 3 seeds",
      "value": 11
    },
    {
      "key": "kept_last_run",
      "label": "Kept earlier build",
      "note": "not rebuilt by the last run",
      "value": 9
    },
    {
      "key": "built_last_run",
      "label": "Built last run",
      "note": "customers and customer_segments",
      "value": 2
    },
    {
      "key": "snapshots",
      "label": "Snapshots",
      "note": "each keeps only successful builds",
      "value": 3
    }
  ]
}
