---
source: crates/ods-cli/src/sample.rs
expression: output
---
[1;4mExecution plan for jaffle_shop[0m

┏━━━━━━━━━━━━━━━━━━━━━━━━━━━━━━┳━━━━━━━━┳━━━━━━━━━┓
┃[1m [0m[1mnode[0m[1m                        [0m[1m [0m┃[1m [0m[1maction[0m[1m [0m┃[1m [0m[1mreasons[0m[1m [0m┃
┡━━━━━━━━━━━━━━━━━━━━━━━━━━━━━━╇━━━━━━━━╇━━━━━━━━━┩
│ [36mmodel.jaffle_shop.stg_orders[0m │ [32mBUILD[0m  │ 2       │
│ [36mmodel.jaffle_shop.orders[0m     │ [32mBUILD[0m  │ 1       │
│ [36mmodel.jaffle_shop.customers[0m  │ [2mREUSE[0m  │ 1       │
└──────────────────────────────┴────────┴─────────┘

[1mreasons[0m
├── [36mmodel.jaffle_shop.stg_orders[0m [32mBUILD[0m
│   ├── code fingerprint changed: rendered SQL differs
│   └── config unchanged
├── [36mmodel.jaffle_shop.orders[0m [32mBUILD[0m
│   └── upstream model.jaffle_shop.stg_orders will be rebuilt
└── [36mmodel.jaffle_shop.customers[0m [2mREUSE[0m
    └── code and inputs unchanged since last successful run

[2minfo:[0m 2 of 3 nodes will run; state is committed only if dbt succeeds
